// Jest Snapshot v1, https://goo.gl/fbAQLP

exports[`Basic example 1`] = `
"console.log(\\"----------------\\");
console.log('XD');
console.log(\\"----------------\\");
console.log(\\" \\\\n .----------------.  .----------------.  .----------------.   .----------------.  .----------------.  .----------------.  .----------------.  \\\\n| .--------------. || .--------------. || .--------------. | | .--------------. || .--------------. || .--------------. || .--------------. |\\\\n| |  _________   | || |     ____     | || | ____    ____ | | | |    _______   | || |      __      | || |  ____  ____  | || |    _______   | |\\\\n| | |  _   _  |  | || |   .'    \`.   | || ||_   \\\\\\\\  /   _|| | | |   /  ___  |  | || |     /  \\\\\\\\     | || | |_  _||_  _| | || |   /  ___  |  | |\\\\n| | |_/ | | \\\\\\\\_|  | || |  /  .--.  \\\\\\\\  | || |  |   \\\\\\\\/   |  | | | |  |  (__ \\\\\\\\_|  | || |    / /\\\\\\\\ \\\\\\\\    | || |   \\\\\\\\ \\\\\\\\  / /   | || |  |  (__ \\\\\\\\_|  | |\\\\n| |     | |      | || |  | |    | |  | || |  | |\\\\\\\\  /| |  | | | |   '.___\`-.   | || |   / ____ \\\\\\\\   | || |    \\\\\\\\ \\\\\\\\/ /    | || |   '.___\`-.   | |\\\\n| |    _| |_     | || |  \\\\\\\\  \`--'  /  | || | _| |_\\\\\\\\/_| |_ | | | |  |\`\\\\\\\\____) |  | || | _/ /    \\\\\\\\ \\\\\\\\_ | || |    _|  |_    | || |  |\`\\\\\\\\____) |  | |\\\\n| |   |_____|    | || |   \`.____.'   | || ||_____||_____|| | | |  |_______.'  | || ||____|  |____|| || |   |______|   | || |  |_______.'  | |\\\\n| |              | || |              | || |              | | | |              | || |              | || |              | || |              | |\\\\n| '--------------' || '--------------' || '--------------' | | '--------------' || '--------------' || '--------------' || '--------------' |\\\\n '----------------'  '----------------'  '----------------'   '----------------'  '----------------'  '----------------'  '----------------' \\");"
`;
